../Core/Src/main.c:113:5:main	2
../Core/Src/main.c:185:6:SystemClock_Config	5
../Core/Src/main.c:249:13:MX_ADC1_Init	4
../Core/Src/main.c:317:13:MX_DAC1_Init	3
../Core/Src/main.c:360:13:MX_ETH_Init	2
../Core/Src/main.c:409:13:MX_OPAMP2_Init	2
../Core/Src/main.c:439:13:MX_TIM3_Init	4
../Core/Src/main.c:484:13:MX_TIM6_Init	3
../Core/Src/main.c:522:13:MX_USART3_UART_Init	5
../Core/Src/main.c:570:13:MX_USB_OTG_FS_PCD_Init	2
../Core/Src/main.c:604:13:MX_DMA_Init	1
../Core/Src/main.c:622:13:MX_GPIO_Init	1
../Core/Src/main.c:685:6:HAL_ADC_ConvHalfCpltCallback	1
../Core/Src/main.c:690:6:HAL_ADC_ConvCpltCallback	1
../Core/Src/main.c:701:6:Error_Handler	1
