../Core/Src/main.c:111:5:main	2
../Core/Src/main.c:179:6:SystemClock_Config	5
../Core/Src/main.c:243:13:MX_ADC1_Init	4
../Core/Src/main.c:311:13:MX_DAC1_Init	3
../Core/Src/main.c:354:13:MX_ETH_Init	2
../Core/Src/main.c:403:13:MX_OPAMP2_Init	2
../Core/Src/main.c:433:13:MX_TIM3_Init	4
../Core/Src/main.c:478:13:MX_TIM6_Init	3
../Core/Src/main.c:516:13:MX_USART3_UART_Init	5
../Core/Src/main.c:564:13:MX_USB_OTG_FS_PCD_Init	2
../Core/Src/main.c:598:13:MX_DMA_Init	1
../Core/Src/main.c:619:13:MX_GPIO_Init	1
../Core/Src/main.c:682:6:HAL_ADC_ConvHalfCpltCallback	1
../Core/Src/main.c:687:6:HAL_ADC_ConvCpltCallback	1
../Core/Src/main.c:734:6:Error_Handler	1
