../Core/Src/main.c:117:5:main	24	static
../Core/Src/main.c:189:6:SystemClock_Config	128	static
../Core/Src/main.c:253:13:MX_ADC1_Init	48	static
../Core/Src/main.c:321:13:MX_DAC1_Init	48	static
../Core/Src/main.c:364:13:MX_ETH_Init	8	static
../Core/Src/main.c:413:13:MX_OPAMP2_Init	8	static
../Core/Src/main.c:443:13:MX_TIM3_Init	40	static
../Core/Src/main.c:488:13:MX_TIM6_Init	24	static
../Core/Src/main.c:526:13:MX_USART3_UART_Init	8	static
../Core/Src/main.c:574:13:MX_USB_OTG_FS_PCD_Init	8	static
../Core/Src/main.c:608:13:MX_DMA_Init	16	static
../Core/Src/main.c:626:13:MX_GPIO_Init	56	static
../Core/Src/main.c:709:6:distort	16	static
../Core/Src/main.c:720:6:tremolo	48	static
../Core/Src/main.c:727:6:pitch_shift	16	static
../Core/Src/main.c:750:6:echo	24	static
../Core/Src/main.c:770:6:HAL_ADC_ConvCpltCallback	16	static
../Core/Src/main.c:815:6:Error_Handler	4	static,ignoring_inline_asm
